[2026-05-31T14:22:06Z] daemon starting
[2026-05-31T14:22:06Z] ==================================================
[2026-05-31T14:22:06Z] Calling LLM (3567 chars)...
[2026-05-31T14:22:25Z] daemon starting
[2026-05-31T14:22:25Z] ==================================================
[2026-05-31T14:22:25Z] Calling LLM (3567 chars)...
[2026-05-31T14:25:02Z] daemon starting
[2026-05-31T14:25:02Z] ==================================================
[2026-05-31T14:25:02Z] Calling LLM (3567 chars)...
[2026-05-31T14:25:25Z] daemon starting
[2026-05-31T14:25:25Z] ==================================================
[2026-05-31T14:25:26Z] Calling LLM (3567 chars)...
[2026-05-31T14:26:42Z] daemon starting
[2026-05-31T14:26:42Z] ==================================================
[2026-05-31T14:26:42Z] Calling LLM (3567 chars)...
[2026-05-31T14:27:06Z] daemon starting
[2026-05-31T14:27:06Z] ==================================================
[2026-05-31T14:27:07Z] Calling LLM (3607 chars)...
[2026-05-31T14:28:27Z] LLM responded in 80s (665 chars)
[2026-05-31T14:28:27Z] COMMIT: error: pathspec 'auto-iteration' did not match any file(s) known to git
[2026-05-31T14:28:27Z] Sleeping 30s...
[2026-05-31T14:28:57Z] ==================================================
[2026-05-31T14:28:57Z] Calling LLM (3623 chars)...
[2026-05-31T14:29:50Z] daemon starting
[2026-05-31T14:29:50Z] ==================================================
[2026-05-31T14:29:50Z] LLM call (2648c)...
[2026-05-31T14:32:25Z] LLM 155s (2201c): The current state shows a robust safety architecture (5 layers) and token drift mitigations (SCAN marker, sliding-window). The daemon is described as "ready for MiniPC deployment," but the goal is to become the *strongest* model-agnostic agent harness through *iterative self-improvement*.

To move f
[2026-05-31T14:33:25Z] ==================================================
[2026-05-31T14:33:25Z] LLM call (2648c)...
[2026-05-31T14:34:01Z] start
[2026-05-31T14:34:01Z] ========================================
[2026-05-31T14:34:01Z] LLM (2310c)...
[2026-05-31T14:34:39Z] start
[2026-05-31T14:34:39Z] ========================================
[2026-05-31T14:34:39Z] LLM (2310c)...
[2026-05-31T14:35:09Z] OK 29s (102c): $ git add -A && git commit -m "feat: implement safety layers 3-5 with auto-rollback and health checks"
[2026-05-31T14:35:09Z] > git add -A && git commit -m "feat: implement safety layers 3-5 with auto-rollback and health checks"
[2026-05-31T14:35:09Z] Author identity unknown

*** Please tell me who you are.

Run

  git config --global user.email "you@example.com"
  git config --global user.name "Your Name"

to set your account's default identity.
Omit --global to set the identity only in this repository.

fatal: unable to auto-detect email address (got 'nami@homelab.(none)')

[2026-05-31T14:36:09Z] ========================================
[2026-05-31T14:36:09Z] LLM (2310c)...
[2026-05-31T14:36:41Z] OK 33s (115c): $ git add -A && git commit -m "feat: implement safety layers 3-5 (schema validation, health checks, auto-rollback)"
[2026-05-31T14:36:41Z] > git add -A && git commit -m "feat: implement safety layers 3-5 (schema validation, health checks, auto-rollback)"
[2026-05-31T14:36:41Z] Author identity unknown

*** Please tell me who you are.

Run

  git config --global user.email "you@example.com"
  git config --global user.name "Your Name"

to set your account's default identity.
Omit --global to set the identity only in this repository.

fatal: unable to auto-detect email address (got 'nami@homelab.(none)')

[2026-05-31T14:37:41Z] ========================================
[2026-05-31T14:37:41Z] LLM (2310c)...
[2026-05-31T14:37:49Z] OK 8s (115c): $ git add -A && git commit -m "feat: implement safety layers 3-5 (schema validation, health checks, auto-rollback)"
[2026-05-31T14:37:49Z] > git add -A && git commit -m "feat: implement safety layers 3-5 (schema validation, health checks, auto-rollback)"
[2026-05-31T14:37:49Z] Author identity unknown

*** Please tell me who you are.

Run

  git config --global user.email "you@example.com"
  git config --global user.name "Your Name"

to set your account's default identity.
Omit --global to set the identity only in this repository.

fatal: unable to auto-detect email address (got 'nami@homelab.(none)')

[2026-05-31T14:38:42Z] start
[2026-05-31T14:38:42Z] ========================================
[2026-05-31T14:38:42Z] LLM (2310c)...
[2026-05-31T14:38:50Z] OK 8s (115c): $ git add -A && git commit -m "feat: implement safety layers 3-5 (schema validation, health checks, auto-rollback)"
[2026-05-31T14:38:50Z] > git add -A && git commit -m "feat: implement safety layers 3-5 (schema validation, health checks, auto-rollback)"
[2026-05-31T14:38:50Z] [main e5386ed] feat: implement safety layers 3-5 (schema validation, health checks, auto-rollback)
 3 files changed, 186 insertions(+), 623 deletions(-)
 create mode 100644 .daemon-output/agent-state.json
 create mode 100644 .daemon.log

[2026-05-31T14:39:50Z] ========================================
[2026-05-31T14:39:50Z] LLM (2218c)...
[2026-05-31T14:40:15Z] OK 25s (19c): $ ./scripts/improve
[2026-05-31T14:40:15Z] > ./scripts/improve
[2026-05-31T14:40:16Z] === agent-seed :: self-improvement loop ===

--- GOAL ---
Become the strongest model-agnostic agent harness by iteratively discovering, building, and refining capabilities through self-improvement.

--- CHANGELOG (tail) ---
Seed created.

## 2026-05-30 :: add safety layers 3-5 — disk quota, config validation, health check

Completed the 5-layer safety architecture. Layers 1-2 (step timeout + git checkpoint) were in the initial daemon. Added:

- **Layer 3 — Filesystem quota + logrotate**: checks 
[2026-05-31T14:41:16Z] ========================================
[2026-05-31T14:41:16Z] LLM (2155c)...
[2026-05-31T14:42:29Z] OK 74s (805c): $ echo "## 2026-05-30 :: add token drift mitigations — SCAN marker + sliding-window" >> CHANGELOG.md && echo "" >> CHANGELOG.md && echo "- **SCAN marker**: ~300 token self-check injected before every 
[2026-05-31T14:42:29Z] > echo "## 2026-05-30 :: add token drift mitigations — SCAN marker + sliding-window" >> CHANGELOG.md && echo "" >> CHANGELOG.md && echo "- **SCAN marker**: ~300 token self-check injected before every task. Prompts the model to verify it's not repeating actions, check context length, re-anchor to goal, and identify the next distinct step." >> CHANGELOG.md && echo "- **Sliding-window summarization**: when the task prompt exceeds \`AGENT_SEED_CONTEXT_BYTES\` (default 4000 bytes), the older portion is collapsed to key markers (GOAL, eval score, changelog header) while the last \`AGENT_SEED_WINDOW_KEEP\` (default 1500) bytes are kept verbatim. This prevents context-length-triggered token drift without losing recent state." >> CHANGELOG.md && echo "" >> CHANGELOG.md && echo "These complement the q8_0
[2026-05-31T14:42:29Z] bash: -c: line 1: unexpected EOF while looking for matching `"'

[2026-05-31T14:43:29Z] ========================================
[2026-05-31T14:43:29Z] LLM (2083c)...
[2026-05-31T14:44:43Z] OK 73s (805c): $ echo "## 2026-05-30 :: add token drift mitigations — SCAN marker + sliding-window" >> CHANGELOG.md && echo "" >> CHANGELOG.md && echo "- **SCAN marker**: ~300 token self-check injected before every 
[2026-05-31T14:44:43Z] > echo "## 2026-05-30 :: add token drift mitigations — SCAN marker + sliding-window" >> CHANGELOG.md && echo "" >> CHANGELOG.md && echo "- **SCAN marker**: ~300 token self-check injected before every task. Prompts the model to verify it's not repeating actions, check context length, re-anchor to goal, and identify the next distinct step." >> CHANGELOG.md && echo "- **Sliding-window summarization**: when the task prompt exceeds \`AGENT_SEED_CONTEXT_BYTES\` (default 4000 bytes), the older portion is collapsed to key markers (GOAL, eval score, changelog header) while the last \`AGENT_SEED_WINDOW_KEEP\` (default 1500) bytes are kept verbatim. This prevents context-length-triggered token drift without losing recent state." >> CHANGELOG.md && echo "" >> CHANGELOG.md && echo "These complement the q8_0
[2026-05-31T14:44:43Z] bash: -c: line 1: unexpected EOF while looking for matching `"'

[2026-05-31T14:45:43Z] start
[2026-05-31T14:45:43Z] ========================================
[2026-05-31T14:45:43Z] LLM (2083c)...
[2026-05-31T14:46:09Z] start
[2026-05-31T14:46:09Z] ========================================
[2026-05-31T14:46:09Z] LLM (2083c)...
[2026-05-31T14:46:37Z] OK 54s (19c): $ ./scripts/improve
[2026-05-31T14:46:37Z] > ./scripts/improve
[2026-05-31T14:46:37Z] === agent-seed :: self-improvement loop ===

--- GOAL ---
Become the strongest model-agnostic agent harness by iteratively discovering, building, and refining capabilities through self-improvement.

--- CHANGELOG (tail) ---
Seed created.

## 2026-05-30 :: add safety layers 3-5 — disk quota, config validation, health check

Completed the 5-layer safety architecture. Layers 1-2 (step timeout + git checkpoint) were in the initial daemon. Added:

- **Layer 3 — Filesystem quota + logrotate**: checks 
[2026-05-31T14:47:13Z] OK 64s (118c): $ git add CHANGELOG.md && git commit -m "daemon-auto: document token drift mitigations (SCAN marker + sliding-window)"
[2026-05-31T14:47:13Z] > git add CHANGELOG.md && git commit -m "daemon-auto: document token drift mitigations (SCAN marker + sliding-window)"
[2026-05-31T14:47:13Z] On branch main
Your branch is ahead of 'origin/main' by 6 commits.
  (use "git push" to publish your local commits)

Changes not staged for commit:
  (use "git add <file>..." to update what will be committed)
  (use "git restore <file>..." to discard changes in working directory)
	modified:   .daemon.log
	modified:   daemon.py

no changes added to commit (use "git add" and/or "git commit -a")

[2026-05-31T14:47:37Z] ========================================
[2026-05-31T14:47:37Z] LLM (2083c)...
[2026-05-31T14:48:13Z] ========================================
[2026-05-31T14:48:13Z] LLM (2083c)...
[2026-05-31T14:48:21Z] OK 43s (19c): $ ./scripts/improve
[2026-05-31T14:48:21Z] > ./scripts/improve
[2026-05-31T14:48:21Z] === agent-seed :: self-improvement loop ===

--- GOAL ---
Become the strongest model-agnostic agent harness by iteratively discovering, building, and refining capabilities through self-improvement.

--- CHANGELOG (tail) ---
Seed created.

## 2026-05-30 :: add safety layers 3-5 — disk quota, config validation, health check

Completed the 5-layer safety architecture. Layers 1-2 (step timeout + git checkpoint) were in the initial daemon. Added:

- **Layer 3 — Filesystem quota + logrotate**: checks 
[2026-05-31T14:49:21Z] ========================================
[2026-05-31T14:49:21Z] LLM (2083c)...
[2026-05-31T14:50:06Z] OK 113s (83c): $ git commit -am "feat: add token drift mitigations (SCAN marker + sliding-window)"
[2026-05-31T14:50:06Z] > git commit -am "feat: add token drift mitigations (SCAN marker + sliding-window)"
[2026-05-31T14:50:06Z] [main 20cc2cc] feat: add token drift mitigations (SCAN marker + sliding-window)
 1 file changed, 4 insertions(+)

